Archive member included to satisfy reference by file (symbol)

c:/users/lily/appdata/roaming/xpacks/@xpack-dev-tools/arm-none-eabi-gcc/10.2.1-1.1.2/.content/bin/../lib/gcc/arm-none-eabi/10.2.1/../../../../arm-none-eabi/lib/thumb/v7e-m/nofp\libg_nano.a(lib_a-errno.o)
                              ./system/src/newlib/_sbrk.o (__errno)
c:/users/lily/appdata/roaming/xpacks/@xpack-dev-tools/arm-none-eabi-gcc/10.2.1-1.1.2/.content/bin/../lib/gcc/arm-none-eabi/10.2.1/../../../../arm-none-eabi/lib/thumb/v7e-m/nofp\libg_nano.a(lib_a-impure.o)
                              c:/users/lily/appdata/roaming/xpacks/@xpack-dev-tools/arm-none-eabi-gcc/10.2.1-1.1.2/.content/bin/../lib/gcc/arm-none-eabi/10.2.1/../../../../arm-none-eabi/lib/thumb/v7e-m/nofp\libg_nano.a(lib_a-errno.o) (_impure_ptr)
c:/users/lily/appdata/roaming/xpacks/@xpack-dev-tools/arm-none-eabi-gcc/10.2.1-1.1.2/.content/bin/../lib/gcc/arm-none-eabi/10.2.1/../../../../arm-none-eabi/lib/thumb/v7e-m/nofp\libg_nano.a(lib_a-strcmp.o)
                              ./system/src/cortexm/exception_handlers.o (strcmp)
c:/users/lily/appdata/roaming/xpacks/@xpack-dev-tools/arm-none-eabi-gcc/10.2.1-1.1.2/.content/bin/../lib/gcc/arm-none-eabi/10.2.1/../../../../arm-none-eabi/lib/thumb/v7e-m/nofp\libg_nano.a(lib_a-strlen.o)
                              ./system/src/diag/Trace.o (strlen)
c:/users/lily/appdata/roaming/xpacks/@xpack-dev-tools/arm-none-eabi-gcc/10.2.1-1.1.2/.content/bin/../lib/gcc/arm-none-eabi/10.2.1/../../../../arm-none-eabi/lib/thumb/v7e-m/nofp\libg_nano.a(lib_a-vsnprintf.o)
                              ./system/src/diag/Trace.o (vsnprintf)
c:/users/lily/appdata/roaming/xpacks/@xpack-dev-tools/arm-none-eabi-gcc/10.2.1-1.1.2/.content/bin/../lib/gcc/arm-none-eabi/10.2.1/../../../../arm-none-eabi/lib/thumb/v7e-m/nofp\libg_nano.a(lib_a-nano-svfprintf.o)
                              c:/users/lily/appdata/roaming/xpacks/@xpack-dev-tools/arm-none-eabi-gcc/10.2.1-1.1.2/.content/bin/../lib/gcc/arm-none-eabi/10.2.1/../../../../arm-none-eabi/lib/thumb/v7e-m/nofp\libg_nano.a(lib_a-vsnprintf.o) (_svfprintf_r)
c:/users/lily/appdata/roaming/xpacks/@xpack-dev-tools/arm-none-eabi-gcc/10.2.1-1.1.2/.content/bin/../lib/gcc/arm-none-eabi/10.2.1/../../../../arm-none-eabi/lib/thumb/v7e-m/nofp\libg_nano.a(lib_a-nano-vfprintf_i.o)
                              c:/users/lily/appdata/roaming/xpacks/@xpack-dev-tools/arm-none-eabi-gcc/10.2.1-1.1.2/.content/bin/../lib/gcc/arm-none-eabi/10.2.1/../../../../arm-none-eabi/lib/thumb/v7e-m/nofp\libg_nano.a(lib_a-nano-svfprintf.o) (_printf_i)
c:/users/lily/appdata/roaming/xpacks/@xpack-dev-tools/arm-none-eabi-gcc/10.2.1-1.1.2/.content/bin/../lib/gcc/arm-none-eabi/10.2.1/../../../../arm-none-eabi/lib/thumb/v7e-m/nofp\libg_nano.a(lib_a-memchr.o)
                              c:/users/lily/appdata/roaming/xpacks/@xpack-dev-tools/arm-none-eabi-gcc/10.2.1-1.1.2/.content/bin/../lib/gcc/arm-none-eabi/10.2.1/../../../../arm-none-eabi/lib/thumb/v7e-m/nofp\libg_nano.a(lib_a-nano-svfprintf.o) (memchr)
c:/users/lily/appdata/roaming/xpacks/@xpack-dev-tools/arm-none-eabi-gcc/10.2.1-1.1.2/.content/bin/../lib/gcc/arm-none-eabi/10.2.1/../../../../arm-none-eabi/lib/thumb/v7e-m/nofp\libg_nano.a(lib_a-memcpy-stub.o)
                              c:/users/lily/appdata/roaming/xpacks/@xpack-dev-tools/arm-none-eabi-gcc/10.2.1-1.1.2/.content/bin/../lib/gcc/arm-none-eabi/10.2.1/../../../../arm-none-eabi/lib/thumb/v7e-m/nofp\libg_nano.a(lib_a-nano-svfprintf.o) (memcpy)
c:/users/lily/appdata/roaming/xpacks/@xpack-dev-tools/arm-none-eabi-gcc/10.2.1-1.1.2/.content/bin/../lib/gcc/arm-none-eabi/10.2.1/../../../../arm-none-eabi/lib/thumb/v7e-m/nofp\libg_nano.a(lib_a-memmove.o)
                              c:/users/lily/appdata/roaming/xpacks/@xpack-dev-tools/arm-none-eabi-gcc/10.2.1-1.1.2/.content/bin/../lib/gcc/arm-none-eabi/10.2.1/../../../../arm-none-eabi/lib/thumb/v7e-m/nofp\libg_nano.a(lib_a-nano-svfprintf.o) (memmove)
c:/users/lily/appdata/roaming/xpacks/@xpack-dev-tools/arm-none-eabi-gcc/10.2.1-1.1.2/.content/bin/../lib/gcc/arm-none-eabi/10.2.1/../../../../arm-none-eabi/lib/thumb/v7e-m/nofp\libg_nano.a(lib_a-nano-freer.o)
                              c:/users/lily/appdata/roaming/xpacks/@xpack-dev-tools/arm-none-eabi-gcc/10.2.1-1.1.2/.content/bin/../lib/gcc/arm-none-eabi/10.2.1/../../../../arm-none-eabi/lib/thumb/v7e-m/nofp\libg_nano.a(lib_a-nano-svfprintf.o) (_free_r)
c:/users/lily/appdata/roaming/xpacks/@xpack-dev-tools/arm-none-eabi-gcc/10.2.1-1.1.2/.content/bin/../lib/gcc/arm-none-eabi/10.2.1/../../../../arm-none-eabi/lib/thumb/v7e-m/nofp\libg_nano.a(lib_a-nano-mallocr.o)
                              c:/users/lily/appdata/roaming/xpacks/@xpack-dev-tools/arm-none-eabi-gcc/10.2.1-1.1.2/.content/bin/../lib/gcc/arm-none-eabi/10.2.1/../../../../arm-none-eabi/lib/thumb/v7e-m/nofp\libg_nano.a(lib_a-nano-svfprintf.o) (_malloc_r)
[...]
Memory Configuration

Name             Origin             Length             Attributes
RAM              0x0000000020000000 0x0000000000020000 xrw
CCMRAM           0x0000000010000000 0x0000000000010000 xrw
FLASH            0x0000000008000000 0x0000000000100000 xr
FLASHB1          0x0000000000000000 0x0000000000000000 xr
EXTMEMB0         0x0000000000000000 0x0000000000000000 xr
EXTMEMB1         0x0000000000000000 0x0000000000000000 xr
EXTMEMB2         0x0000000000000000 0x0000000000000000 xr
EXTMEMB3         0x0000000000000000 0x0000000000000000 xr
MEMORY_ARRAY     0x0000000020002000 0x0000000000000020 xrw
*default*        0x0000000000000000 0xffffffffffffffff

Linker script and memory map

LOAD ./system/src/stm32f4-hal/stm32f4xx_hal.o
LOAD ./system/src/stm32f4-hal/stm32f4xx_hal_cortex.o
LOAD ./system/src/stm32f4-hal/stm32f4xx_hal_dfsdm.o
LOAD ./system/src/stm32f4-hal/stm32f4xx_hal_flash.o
LOAD ./system/src/stm32f4-hal/stm32f4xx_hal_gpio.o
LOAD ./system/src/stm32f4-hal/stm32f4xx_hal_iwdg.o
LOAD ./system/src/stm32f4-hal/stm32f4xx_hal_pwr.o
LOAD ./system/src/stm32f4-hal/stm32f4xx_hal_rcc.o
LOAD ./system/src/newlib/_cxx.o
LOAD ./system/src/newlib/_exit.o
LOAD ./system/src/newlib/_sbrk.o
LOAD ./system/src/newlib/_startup.o
LOAD ./system/src/newlib/_syscalls.o
LOAD ./system/src/newlib/assert.o
LOAD ./system/src/diag/Trace.o
LOAD ./system/src/diag/trace_impl.o
LOAD ./system/src/cortexm/_initialize_hardware.o
LOAD ./system/src/cortexm/_reset_hardware.o
LOAD ./system/src/cortexm/exception_handlers.o
LOAD ./system/src/cmsis/system_stm32f4xx.o
LOAD ./system/src/cmsis/vectors_stm32f407xx.o
LOAD ./src/_initialize_hardware.o
LOAD ./src/_write.o
LOAD ./src/main.o
LOAD ./src/stm32f4xx_hal_msp.o
LOAD c:/users/lily/appdata/roaming/xpacks/@xpack-dev-tools/arm-none-eabi-gcc/10.2.1-1.1.2/.content/bin/../lib/gcc/arm-none-eabi/10.2.1/../../../../arm-none-eabi/lib/thumb/v7e-m/nofp\libstdc++_nano.a
LOAD c:/users/lily/appdata/roaming/xpacks/@xpack-dev-tools/arm-none-eabi-gcc/10.2.1-1.1.2/.content/bin/../lib/gcc/arm-none-eabi/10.2.1/../../../../arm-none-eabi/lib/thumb/v7e-m/nofp\libm.a
START GROUP
LOAD c:/users/lily/appdata/roaming/xpacks/@xpack-dev-tools/arm-none-eabi-gcc/10.2.1-1.1.2/.content/bin/../lib/gcc/arm-none-eabi/10.2.1/thumb/v7e-m/nofp\libgcc.a
LOAD c:/users/lily/appdata/roaming/xpacks/@xpack-dev-tools/arm-none-eabi-gcc/10.2.1-1.1.2/.content/bin/../lib/gcc/arm-none-eabi/10.2.1/../../../../arm-none-eabi/lib/thumb/v7e-m/nofp\libg_nano.a
LOAD c:/users/lily/appdata/roaming/xpacks/@xpack-dev-tools/arm-none-eabi-gcc/10.2.1-1.1.2/.content/bin/../lib/gcc/arm-none-eabi/10.2.1/../../../../arm-none-eabi/lib/thumb/v7e-m/nofp\libc_nano.a
END GROUP
START GROUP
LOAD c:/users/lily/appdata/roaming/xpacks/@xpack-dev-tools/arm-none-eabi-gcc/10.2.1-1.1.2/.content/bin/../lib/gcc/arm-none-eabi/10.2.1/thumb/v7e-m/nofp\libgcc.a
LOAD c:/users/lily/appdata/roaming/xpacks/@xpack-dev-tools/arm-none-eabi-gcc/10.2.1-1.1.2/.content/bin/../lib/gcc/arm-none-eabi/10.2.1/../../../../arm-none-eabi/lib/thumb/v7e-m/nofp\libc_nano.a
END GROUP
                0x0000000020020000                __stack = (ORIGIN (RAM) + LENGTH (RAM))
                0x0000000020020000                _estack = __stack
                0x0000000000000400                __Main_Stack_Size = 0x400
                [!provide]                        PROVIDE (_Main_Stack_Size = __Main_Stack_Size)
                0x000000002001fc00                __Main_Stack_Limit = (__stack - __Main_Stack_Size)
                [!provide]                        PROVIDE (_Main_Stack_Limit = __Main_Stack_Limit)
                0x0000000000000100                _Minimum_Stack_Size = 0x100
                0x0000000020000120                PROVIDE (_Heap_Begin = _end_noinit)
                0x000000002001fc00                PROVIDE (_Heap_Limit = (__stack - __Main_Stack_Size))

.isr_vector     0x0000000008000000      0x3e8
 FILL mask 0xff
                0x0000000008000000                __vectors_start = ABSOLUTE (.)
                0x0000000008000000                __vectors_start__ = ABSOLUTE (.)
 *(.isr_vector)
 .isr_vector    0x0000000008000000      0x188 ./system/src/cmsis/vectors_stm32f407xx.o
                0x0000000008000000                __isr_vectors
 *(.cfmconfig)
 *(.after_vectors .after_vectors.*)
 .after_vectors
                0x0000000008000188      0x130 ./system/src/newlib/_startup.o
                0x0000000008000188                _start
 .after_vectors
                0x00000000080002b8      0x12c ./system/src/cortexm/exception_handlers.o
                0x00000000080002b8                Reset_Handler
                0x00000000080002be                NMI_Handler
                0x00000000080002c2                HardFault_Handler
                0x00000000080002d6                HardFault_Handler_C
                0x0000000008000334                MemManage_Handler
                0x0000000008000338                BusFault_Handler
                0x000000000800034c                BusFault_Handler_C
                0x0000000008000380                UsageFault_Handler
                0x0000000008000394                UsageFault_Handler_C
                0x00000000080003c8                SVC_Handler
                0x00000000080003cc                DebugMon_Handler
                0x00000000080003d0                PendSV_Handler
 .after_vectors
                0x00000000080003e4        0x4 ./system/src/cmsis/vectors_stm32f407xx.o
                0x00000000080003e4                RTC_Alarm_IRQHandler
                0x00000000080003e4                HASH_RNG_IRQHandler
                0x00000000080003e4                EXTI2_IRQHandler
                0x00000000080003e4                TIM8_CC_IRQHandler
                0x00000000080003e4                TIM1_CC_IRQHandler
                0x00000000080003e4                DMA2_Stream5_IRQHandler
                0x00000000080003e4                DMA1_Stream5_IRQHandler
                0x00000000080003e4                PVD_IRQHandler
                0x00000000080003e4                SDIO_IRQHandler
                0x00000000080003e4                TAMP_STAMP_IRQHandler
                0x00000000080003e4                CAN2_RX1_IRQHandler
                0x00000000080003e4                EXTI3_IRQHandler
                0x00000000080003e4                TIM8_TRG_COM_TIM14_IRQHandler
                0x00000000080003e4                TIM1_UP_TIM10_IRQHandler
                0x00000000080003e4                TIM8_UP_TIM13_IRQHandler
                0x00000000080003e4                I2C3_ER_IRQHandler
                0x00000000080003e4                EXTI0_IRQHandler
                0x00000000080003e4                I2C2_EV_IRQHandler
                0x00000000080003e4                DMA1_Stream2_IRQHandler
                0x00000000080003e4                CAN1_RX0_IRQHandler
                0x00000000080003e4                FPU_IRQHandler
                0x00000000080003e4                OTG_HS_WKUP_IRQHandler
                0x00000000080003e4                CAN2_SCE_IRQHandler
                0x00000000080003e4                DMA2_Stream2_IRQHandler
                0x00000000080003e4                SPI1_IRQHandler
                0x00000000080003e4                TIM6_DAC_IRQHandler
                0x00000000080003e4                TIM1_BRK_TIM9_IRQHandler
                0x00000000080003e4                DCMI_IRQHandler
                0x00000000080003e4                CAN2_RX0_IRQHandler
                0x00000000080003e4                DMA2_Stream3_IRQHandler
                0x00000000080003e4                USART6_IRQHandler
                0x00000000080003e4                USART3_IRQHandler
                0x00000000080003e4                CAN1_RX1_IRQHandler
                0x00000000080003e4                UART5_IRQHandler
                0x00000000080003e4                DMA2_Stream0_IRQHandler
                0x00000000080003e4                TIM4_IRQHandler
                0x00000000080003e4                I2C1_EV_IRQHandler
                0x00000000080003e4                DMA1_Stream6_IRQHandler
                0x00000000080003e4                DMA1_Stream1_IRQHandler
                0x00000000080003e4                UART4_IRQHandler
                0x00000000080003e4                TIM3_IRQHandler
                0x00000000080003e4                RCC_IRQHandler
                0x00000000080003e4                TIM8_BRK_TIM12_IRQHandler
                0x00000000080003e4                Default_Handler
                0x00000000080003e4                EXTI15_10_IRQHandler
                0x00000000080003e4                ADC_IRQHandler
                0x00000000080003e4                DMA1_Stream7_IRQHandler
                0x00000000080003e4                TIM7_IRQHandler
                0x00000000080003e4                CAN2_TX_IRQHandler
                0x00000000080003e4                TIM5_IRQHandler
                0x00000000080003e4                DMA2_Stream7_IRQHandler
                0x00000000080003e4                I2C3_EV_IRQHandler
                0x00000000080003e4                EXTI9_5_IRQHandler
                0x00000000080003e4                RTC_WKUP_IRQHandler
                0x00000000080003e4                ETH_WKUP_IRQHandler
                0x00000000080003e4                SPI2_IRQHandler
                0x00000000080003e4                OTG_HS_EP1_IN_IRQHandler
                0x00000000080003e4                DMA1_Stream0_IRQHandler
                0x00000000080003e4                CAN1_TX_IRQHandler
                0x00000000080003e4                EXTI4_IRQHandler
                0x00000000080003e4                ETH_IRQHandler
                0x00000000080003e4                OTG_HS_EP1_OUT_IRQHandler
                0x00000000080003e4                WWDG_IRQHandler
                0x00000000080003e4                TIM2_IRQHandler
                0x00000000080003e4                OTG_FS_WKUP_IRQHandler
                0x00000000080003e4                TIM1_TRG_COM_TIM11_IRQHandler
                0x00000000080003e4                OTG_HS_IRQHandler
                0x00000000080003e4                EXTI1_IRQHandler
                0x00000000080003e4                USART2_IRQHandler
                0x00000000080003e4                I2C2_ER_IRQHandler
                0x00000000080003e4                DMA2_Stream1_IRQHandler
                0x00000000080003e4                CAN1_SCE_IRQHandler
                0x00000000080003e4                FLASH_IRQHandler
                0x00000000080003e4                DMA2_Stream4_IRQHandler
                0x00000000080003e4                USART1_IRQHandler
                0x00000000080003e4                OTG_FS_IRQHandler
                0x00000000080003e4                SPI3_IRQHandler
                0x00000000080003e4                DMA1_Stream4_IRQHandler
                0x00000000080003e4                I2C1_ER_IRQHandler
                0x00000000080003e4                FMC_IRQHandler
                0x00000000080003e4                DMA2_Stream6_IRQHandler
                0x00000000080003e4                DMA1_Stream3_IRQHandler

.inits          0x00000000080003e8       0x28
                0x00000000080003e8                __data_regions_array_start = .
                0x00000000080003e8        0x4 LONG 0x8002164 LOADADDR (.data)
                0x00000000080003ec        0x4 LONG 0x20000000 ADDR (.data)
                0x00000000080003f0        0x4 LONG 0x20000078 (ADDR (.data) + SIZEOF (.data))
                0x00000000080003f4        0x4 LONG 0x8002164 LOADADDR (.data_CCMRAM)
                0x00000000080003f8        0x4 LONG 0x10000000 ADDR (.data_CCMRAM)
                0x00000000080003fc        0x4 LONG 0x10000000 (ADDR (.data_CCMRAM) + SIZEOF (.data_CCMRAM))
                0x0000000008000400                __data_regions_array_end = .
                0x0000000008000400                __bss_regions_array_start = .
                0x0000000008000400        0x4 LONG 0x20000078 ADDR (.bss)
                0x0000000008000404        0x4 LONG 0x20000120 (ADDR (.bss) + SIZEOF (.bss))
                0x0000000008000408        0x4 LONG 0x10000000 ADDR (.bss_CCMRAM)
                0x000000000800040c        0x4 LONG 0x10000000 (ADDR (.bss_CCMRAM) + SIZEOF (.bss_CCMRAM))
                0x0000000008000410                __bss_regions_array_end = .
 *(.init)
 *(.fini)
                0x0000000008000410                . = ALIGN (0x4)
                0x0000000008000410                PROVIDE (__preinit_array_start = .)
 *(.preinit_array_sysinit .preinit_array_sysinit.*)
 *(.preinit_array_platform .preinit_array_platform.*)
 *(.preinit_array .preinit_array.*)
                0x0000000008000410                PROVIDE (__preinit_array_end = .)
                0x0000000008000410                . = ALIGN (0x4)
                0x0000000008000410                PROVIDE (__init_array_start = .)
 *(SORT_BY_NAME(.init_array.*))
 *(.init_array)
                0x0000000008000410                PROVIDE (__init_array_end = .)
                0x0000000008000410                . = ALIGN (0x4)
                0x0000000008000410                PROVIDE (__fini_array_start = .)
 *(SORT_BY_NAME(.fini_array.*))
 *(.fini_array)
                0x0000000008000410                PROVIDE (__fini_array_end = .)

.flashtext
 *(.flashtext .flashtext.*)

.text           0x0000000008000410     0x1d53
 *(.text .text.*)
 .text.HAL_InitTick
                0x0000000008000410       0x2c ./system/src/stm32f4-hal/stm32f4xx_hal.o
                0x0000000008000410                HAL_InitTick
 .text.HAL_Init
                0x000000000800043c       0x34 ./system/src/stm32f4-hal/stm32f4xx_hal.o
                0x000000000800043c                HAL_Init
 .text.HAL_IncTick
                0x0000000008000470       0x10 ./system/src/stm32f4-hal/stm32f4xx_hal.o
                0x0000000008000470                HAL_IncTick
 .text.HAL_GetTick
                0x0000000008000480        0xc ./system/src/stm32f4-hal/stm32f4xx_hal.o
                0x0000000008000480                HAL_GetTick
 .text.HAL_Delay
                0x000000000800048c       0x1c ./system/src/stm32f4-hal/stm32f4xx_hal.o
                0x000000000800048c                HAL_Delay
 .text.HAL_NVIC_SetPriorityGrouping
                0x00000000080004a8       0x3c ./system/src/stm32f4-hal/stm32f4xx_hal_cortex.o
                0x00000000080004a8                HAL_NVIC_SetPriorityGrouping
 .text.HAL_NVIC_SetPriority
                0x00000000080004e4       0x8c ./system/src/stm32f4-hal/stm32f4xx_hal_cortex.o
                0x00000000080004e4                HAL_NVIC_SetPriority
 .text.HAL_SYSTICK_Config
                0x0000000008000570       0x28 ./system/src/stm32f4-hal/stm32f4xx_hal_cortex.o
                0x0000000008000570                HAL_SYSTICK_Config
 .text.HAL_SYSTICK_CLKSourceConfig
                0x0000000008000598       0x3c ./system/src/stm32f4-hal/stm32f4xx_hal_cortex.o
                0x0000000008000598                HAL_SYSTICK_CLKSourceConfig
 .text.HAL_GPIO_Init
                0x00000000080005d4      0x2fc ./system/src/stm32f4-hal/stm32f4xx_hal_gpio.o
                0x00000000080005d4                HAL_GPIO_Init
 .text.HAL_GPIO_ReadPin
                0x00000000080008d0       0x28 ./system/src/stm32f4-hal/stm32f4xx_hal_gpio.o
                0x00000000080008d0                HAL_GPIO_ReadPin
 .text.HAL_GPIO_WritePin
                0x00000000080008f8       0x38 ./system/src/stm32f4-hal/stm32f4xx_hal_gpio.o
                0x00000000080008f8                HAL_GPIO_WritePin
 .text.HAL_GPIO_TogglePin
                0x0000000008000930       0x20 ./system/src/stm32f4-hal/stm32f4xx_hal_gpio.o
                0x0000000008000930                HAL_GPIO_TogglePin
 .text.HAL_RCC_OscConfig
                0x0000000008000950      0x438 ./system/src/stm32f4-hal/stm32f4xx_hal_rcc.o
                0x0000000008000950                HAL_RCC_OscConfig
 .text.HAL_RCC_GetSysClockFreq
                0x0000000008000d88       0x98 ./system/src/stm32f4-hal/stm32f4xx_hal_rcc.o
                0x0000000008000d88                HAL_RCC_GetSysClockFreq
 .text.HAL_RCC_ClockConfig
                0x0000000008000e20      0x258 ./system/src/stm32f4-hal/stm32f4xx_hal_rcc.o
                0x0000000008000e20                HAL_RCC_ClockConfig
 .text.HAL_RCC_GetHCLKFreq
                0x0000000008001078        0xc ./system/src/stm32f4-hal/stm32f4xx_hal_rcc.o
                0x0000000008001078                HAL_RCC_GetHCLKFreq
 .text._exit    0x0000000008001084        0x2 ./system/src/newlib/_exit.o
                0x0000000008001084                _exit
 *fill*         0x0000000008001086        0x2 
 .text.abort    0x0000000008001088       0x14 ./system/src/newlib/_exit.o
                0x0000000008001088                abort
 .text._sbrk    0x000000000800109c       0x44 ./system/src/newlib/_sbrk.o
                0x000000000800109c                _sbrk
 .text.__initialize_args
                0x00000000080010e0       0x10 ./system/src/newlib/_syscalls.o
                0x00000000080010e0                __initialize_args
 .text.assert_failed
                0x00000000080010f0       0x14 ./system/src/newlib/assert.o
                0x00000000080010f0                assert_failed
 .text.trace_printf
                0x0000000008001104       0x34 ./system/src/diag/Trace.o
                0x0000000008001104                trace_printf
 .text.trace_puts
                0x0000000008001138       0x20 ./system/src/diag/Trace.o
                0x0000000008001138                trace_puts
 .text._trace_write_semihosting_stdout
                0x0000000008001158       0x68 ./system/src/diag/trace_impl.o
 .text.trace_write
                0x00000000080011c0        0x8 ./system/src/diag/trace_impl.o
                0x00000000080011c0                trace_write
 .text.__initialize_hardware_early
                0x00000000080011c8       0x18 ./system/src/cortexm/_initialize_hardware.o
                0x00000000080011c8                __initialize_hardware_early
 .text.dumpExceptionStack
                0x00000000080011e0       0xf4 ./system/src/cortexm/exception_handlers.o
                0x00000000080011e0                dumpExceptionStack
 .text.isSemihosting
                0x00000000080012d4       0x7c ./system/src/cortexm/exception_handlers.o
                0x00000000080012d4                isSemihosting
 .text.SystemInit
                0x0000000008001350       0x40 ./system/src/cmsis/system_stm32f4xx.o
                0x0000000008001350                SystemInit
 .text.SystemCoreClockUpdate
                0x0000000008001390       0xa0 ./system/src/cmsis/system_stm32f4xx.o
                0x0000000008001390                SystemCoreClockUpdate
 .text.SystemClock_Config
                0x0000000008001430       0x9c ./src/_initialize_hardware.o
                0x0000000008001430                SystemClock_Config
 .text.__initialize_hardware
                0x00000000080014cc       0x10 ./src/_initialize_hardware.o
                0x00000000080014cc                __initialize_hardware
 .text.Init_GPIO_LEDS
                0x00000000080014dc       0x64 ./src/main.o
                0x00000000080014dc                Init_GPIO_LEDS
 .text.SysTick_Handler
                0x0000000008001540        0x8 ./src/main.o
                0x0000000008001540                SysTick_Handler
 .text.main     0x0000000008001548       0x4c ./src/main.o
                0x0000000008001548                main
 .text.HAL_MspInit
                0x0000000008001594        0x2 ./src/stm32f4xx_hal_msp.o
                0x0000000008001594                HAL_MspInit
 *fill*         0x0000000008001596        0x2 
 .text.__errno  0x0000000008001598        0xc c:/users/lily/appdata/roaming/xpacks/@xpack-dev-tools/arm-none-eabi-gcc/10.2.1-1.1.2/.content/bin/../lib/gcc/arm-none-eabi/10.2.1/../../../../arm-none-eabi/lib/thumb/v7e-m/nofp\libg_nano.a(lib_a-errno.o)
                0x0000000008001598                __errno
 .text          0x00000000080015a4       0x14 c:/users/lily/appdata/roaming/xpacks/@xpack-dev-tools/arm-none-eabi-gcc/10.2.1-1.1.2/.content/bin/../lib/gcc/arm-none-eabi/10.2.1/../../../../arm-none-eabi/lib/thumb/v7e-m/nofp\libg_nano.a(lib_a-strcmp.o)
                0x00000000080015a4                strcmp
 .text          0x00000000080015b8       0x10 c:/users/lily/appdata/roaming/xpacks/@xpack-dev-tools/arm-none-eabi-gcc/10.2.1-1.1.2/.content/bin/../lib/gcc/arm-none-eabi/10.2.1/../../../../arm-none-eabi/lib/thumb/v7e-m/nofp\libg_nano.a(lib_a-strlen.o)
                0x00000000080015b8                strlen
 .text._vsnprintf_r
                0x00000000080015c8       0x56 c:/users/lily/appdata/roaming/xpacks/@xpack-dev-tools/arm-none-eabi-gcc/10.2.1-1.1.2/.content/bin/../lib/gcc/arm-none-eabi/10.2.1/../../../../arm-none-eabi/lib/thumb/v7e-m/nofp\libg_nano.a(lib_a-vsnprintf.o)
                0x00000000080015c8                _vsniprintf_r
                0x00000000080015c8                _vsnprintf_r
 *fill*         0x000000000800161e        0x2 
 .text.vsnprintf
                0x0000000008001620       0x1c c:/users/lily/appdata/roaming/xpacks/@xpack-dev-tools/arm-none-eabi-gcc/10.2.1-1.1.2/.content/bin/../lib/gcc/arm-none-eabi/10.2.1/../../../../arm-none-eabi/lib/thumb/v7e-m/nofp\libg_nano.a(lib_a-vsnprintf.o)
                0x0000000008001620                vsniprintf
                0x0000000008001620                vsnprintf
 .text.__ssputs_r
                0x000000000800163c       0xb6 c:/users/lily/appdata/roaming/xpacks/@xpack-dev-tools/arm-none-eabi-gcc/10.2.1-1.1.2/.content/bin/../lib/gcc/arm-none-eabi/10.2.1/../../../../arm-none-eabi/lib/thumb/v7e-m/nofp\libg_nano.a(lib_a-nano-svfprintf.o)
                0x000000000800163c                __ssputs_r
 *fill*         0x00000000080016f2        0x2 
 .text._svfprintf_r
                0x00000000080016f4      0x200 c:/users/lily/appdata/roaming/xpacks/@xpack-dev-tools/arm-none-eabi-gcc/10.2.1-1.1.2/.content/bin/../lib/gcc/arm-none-eabi/10.2.1/../../../../arm-none-eabi/lib/thumb/v7e-m/nofp\libg_nano.a(lib_a-nano-svfprintf.o)
                0x00000000080016f4                _svfiprintf_r
                0x00000000080016f4                _svfprintf_r
 .text._printf_common
                0x00000000080018f4       0xda c:/users/lily/appdata/roaming/xpacks/@xpack-dev-tools/arm-none-eabi-gcc/10.2.1-1.1.2/.content/bin/../lib/gcc/arm-none-eabi/10.2.1/../../../../arm-none-eabi/lib/thumb/v7e-m/nofp\libg_nano.a(lib_a-nano-vfprintf_i.o)
                0x00000000080018f4                _printf_common
 *fill*         0x00000000080019ce        0x2 
 .text._printf_i
                0x00000000080019d0      0x24c c:/users/lily/appdata/roaming/xpacks/@xpack-dev-tools/arm-none-eabi-gcc/10.2.1-1.1.2/.content/bin/../lib/gcc/arm-none-eabi/10.2.1/../../../../arm-none-eabi/lib/thumb/v7e-m/nofp\libg_nano.a(lib_a-nano-vfprintf_i.o)
                0x00000000080019d0                _printf_i
 *fill*         0x0000000008001c1c        0x4 
 .text          0x0000000008001c20       0xa0 c:/users/lily/appdata/roaming/xpacks/@xpack-dev-tools/arm-none-eabi-gcc/10.2.1-1.1.2/.content/bin/../lib/gcc/arm-none-eabi/10.2.1/../../../../arm-none-eabi/lib/thumb/v7e-m/nofp\libg_nano.a(lib_a-memchr.o)
                0x0000000008001c20                memchr
 .text.memcpy   0x0000000008001cc0       0x1c c:/users/lily/appdata/roaming/xpacks/@xpack-dev-tools/arm-none-eabi-gcc/10.2.1-1.1.2/.content/bin/../lib/gcc/arm-none-eabi/10.2.1/../../../../arm-none-eabi/lib/thumb/v7e-m/nofp\libg_nano.a(lib_a-memcpy-stub.o)
                0x0000000008001cc0                memcpy
 .text.memmove  0x0000000008001cdc       0x34 c:/users/lily/appdata/roaming/xpacks/@xpack-dev-tools/arm-none-eabi-gcc/10.2.1-1.1.2/.content/bin/../lib/gcc/arm-none-eabi/10.2.1/../../../../arm-none-eabi/lib/thumb/v7e-m/nofp\libg_nano.a(lib_a-memmove.o)
                0x0000000008001cdc                memmove
 .text._free_r  0x0000000008001d10       0x94 c:/users/lily/appdata/roaming/xpacks/@xpack-dev-tools/arm-none-eabi-gcc/10.2.1-1.1.2/.content/bin/../lib/gcc/arm-none-eabi/10.2.1/../../../../arm-none-eabi/lib/thumb/v7e-m/nofp\libg_nano.a(lib_a-nano-freer.o)
                0x0000000008001d10                _free_r
 .text._malloc_r
                0x0000000008001da4       0xb4 c:/users/lily/appdata/roaming/xpacks/@xpack-dev-tools/arm-none-eabi-gcc/10.2.1-1.1.2/.content/bin/../lib/gcc/arm-none-eabi/10.2.1/../../../../arm-none-eabi/lib/thumb/v7e-m/nofp\libg_nano.a(lib_a-nano-mallocr.o)
                0x0000000008001da4                _malloc_r
 .text._realloc_r
                0x0000000008001e58       0x4c c:/users/lily/appdata/roaming/xpacks/@xpack-dev-tools/arm-none-eabi-gcc/10.2.1-1.1.2/.content/bin/../lib/gcc/arm-none-eabi/10.2.1/../../../../arm-none-eabi/lib/thumb/v7e-m/nofp\libg_nano.a(lib_a-nano-reallocr.o)
                0x0000000008001e58                _realloc_r
 .text._sbrk_r  0x0000000008001ea4       0x20 c:/users/lily/appdata/roaming/xpacks/@xpack-dev-tools/arm-none-eabi-gcc/10.2.1-1.1.2/.content/bin/../lib/gcc/arm-none-eabi/10.2.1/../../../../arm-none-eabi/lib/thumb/v7e-m/nofp\libg_nano.a(lib_a-sbrkr.o)
                0x0000000008001ea4                _sbrk_r
 .text.__malloc_lock
                0x0000000008001ec4        0xc c:/users/lily/appdata/roaming/xpacks/@xpack-dev-tools/arm-none-eabi-gcc/10.2.1-1.1.2/.content/bin/../lib/gcc/arm-none-eabi/10.2.1/../../../../arm-none-eabi/lib/thumb/v7e-m/nofp\libg_nano.a(lib_a-mlock.o)
                0x0000000008001ec4                __malloc_lock
 .text.__malloc_unlock
                0x0000000008001ed0        0xc c:/users/lily/appdata/roaming/xpacks/@xpack-dev-tools/arm-none-eabi-gcc/10.2.1-1.1.2/.content/bin/../lib/gcc/arm-none-eabi/10.2.1/../../../../arm-none-eabi/lib/thumb/v7e-m/nofp\libg_nano.a(lib_a-mlock.o)
                0x0000000008001ed0                __malloc_unlock
 .text._malloc_usable_size_r
                0x0000000008001edc       0x10 c:/users/lily/appdata/roaming/xpacks/@xpack-dev-tools/arm-none-eabi-gcc/10.2.1-1.1.2/.content/bin/../lib/gcc/arm-none-eabi/10.2.1/../../../../arm-none-eabi/lib/thumb/v7e-m/nofp\libg_nano.a(lib_a-nano-msizer.o)
                0x0000000008001edc                _malloc_usable_size_r
 .text.__retarget_lock_acquire_recursive
                0x0000000008001eec        0x2 c:/users/lily/appdata/roaming/xpacks/@xpack-dev-tools/arm-none-eabi-gcc/10.2.1-1.1.2/.content/bin/../lib/gcc/arm-none-eabi/10.2.1/../../../../arm-none-eabi/lib/thumb/v7e-m/nofp\libg_nano.a(lib_a-lock.o)
                0x0000000008001eec                __retarget_lock_acquire_recursive
 .text.__retarget_lock_release_recursive
                0x0000000008001eee        0x2 c:/users/lily/appdata/roaming/xpacks/@xpack-dev-tools/arm-none-eabi-gcc/10.2.1-1.1.2/.content/bin/../lib/gcc/arm-none-eabi/10.2.1/../../../../arm-none-eabi/lib/thumb/v7e-m/nofp\libg_nano.a(lib_a-lock.o)
                0x0000000008001eee                __retarget_lock_release_recursive
 *(.rodata .rodata.* .constdata .constdata.*)
 .rodata.HAL_NVIC_SetPriorityGrouping.str1.4
                0x0000000008001ef0       0x31 ./system/src/stm32f4-hal/stm32f4xx_hal_cortex.o
 *fill*         0x0000000008001f21        0x3 
 .rodata.HAL_GPIO_Init.str1.4
                0x0000000008001f24       0x2f ./system/src/stm32f4-hal/stm32f4xx_hal_gpio.o
 *fill*         0x0000000008001f53        0x1 
 .rodata.HAL_RCC_OscConfig.str1.4
                0x0000000008001f54       0x2e ./system/src/stm32f4-hal/stm32f4xx_hal_rcc.o
 *fill*         0x0000000008001f82        0x2 
 .rodata.APBAHBPrescTable
                0x0000000008001f84       0x10 ./system/src/stm32f4-hal/stm32f4xx_hal_rcc.o
                0x0000000008001f84                APBAHBPrescTable
 .rodata.abort.str1.4
                0x0000000008001f94       0x14 ./system/src/newlib/_exit.o
 .rodata.assert_failed.str1.4
                0x0000000008001fa8       0x2b ./system/src/newlib/assert.o
 .rodata.trace_puts.str1.4
                0x0000000008001fd3       0x2b ./system/src/diag/Trace.o
                                          0x2 (size before relaxing)
 *fill*         0x0000000008001fd3        0x1 
 .rodata._trace_write_semihosting_stdout.str1.4
                0x0000000008001fd4        0x4 ./system/src/diag/trace_impl.o
 .rodata.dumpExceptionStack.str1.4
                0x0000000008001fd8      0x11a ./system/src/cortexm/exception_handlers.o
 .rodata.isSemihosting.str1.4
                0x00000000080020f2        0x4 ./system/src/cortexm/exception_handlers.o
 *fill*         0x00000000080020f2        0x2 
 .rodata.str1.4
                0x00000000080020f4       0x2a ./system/src/cortexm/exception_handlers.o
 *fill*         0x000000000800211e        0x2 
 .rodata.AHBPrescTable
                0x0000000008002120       0x10 ./system/src/cmsis/system_stm32f4xx.o
                0x0000000008002120                AHBPrescTable
 .rodata._svfprintf_r.str1.1
                0x0000000008002130       0x11 c:/users/lily/appdata/roaming/xpacks/@xpack-dev-tools/arm-none-eabi-gcc/10.2.1-1.1.2/.content/bin/../lib/gcc/arm-none-eabi/10.2.1/../../../../arm-none-eabi/lib/thumb/v7e-m/nofp\libg_nano.a(lib_a-nano-svfprintf.o)
 .rodata._printf_i.str1.1
                0x0000000008002141       0x22 c:/users/lily/appdata/roaming/xpacks/@xpack-dev-tools/arm-none-eabi-gcc/10.2.1-1.1.2/.content/bin/../lib/gcc/arm-none-eabi/10.2.1/../../../../arm-none-eabi/lib/thumb/v7e-m/nofp\libg_nano.a(lib_a-nano-vfprintf_i.o)
 *(vtable)
 *(.eh_frame*)
 *(.glue_7)
 .glue_7        0x0000000008002163        0x0 linker stubs
 *(.glue_7t)
 .glue_7t       0x0000000008002163        0x0 linker stubs

.vfp11_veneer   0x0000000008002164        0x0
 .vfp11_veneer  0x0000000008002164        0x0 linker stubs

.v4_bx          0x0000000008002164        0x0
 .v4_bx         0x0000000008002164        0x0 linker stubs

.iplt           0x0000000008002164        0x0
 .iplt          0x0000000008002164        0x0 ./system/src/stm32f4-hal/stm32f4xx_hal.o

.rel.dyn        0x0000000008002164        0x0
 .rel.iplt      0x0000000008002164        0x0 ./system/src/stm32f4-hal/stm32f4xx_hal.o

.ARM.extab
 *(.ARM.extab* .gnu.linkonce.armextab.*)
                0x0000000008002164                . = ALIGN (0x4)
                0x0000000008002164                __exidx_start = .

.ARM.exidx
 *(.ARM.exidx* .gnu.linkonce.armexidx.*)
                0x0000000008002164                __exidx_end = .
                0x0000000008002164                . = ALIGN (0x4)
                0x0000000008002164                _etext = .
                0x0000000008002164                __etext = .

.data_CCMRAM    0x0000000010000000        0x0 load address 0x0000000008002164
 FILL mask 0xff
 *(.data.CCMRAM .data.CCMRAM.*)
                0x0000000010000000                . = ALIGN (0x4)
                0x0000000008002164                _sidata = LOADADDR (.data)

.data           0x0000000020000000       0x78 load address 0x0000000008002164
 FILL mask 0xff
                0x0000000020000000                _sdata = .
                0x0000000020000000                __data_start__ = .
 *(.data_begin .data_begin.*)
 .data_begin    0x0000000020000000        0x4 ./system/src/newlib/_startup.o
 *(.data .data.*)
 .data.argv.1   0x0000000020000004        0x8 ./system/src/newlib/_syscalls.o
 .data.SystemCoreClock
                0x000000002000000c        0x4 ./system/src/cmsis/system_stm32f4xx.o
                0x000000002000000c                SystemCoreClock
 .data._impure_ptr
                0x0000000020000010        0x4 c:/users/lily/appdata/roaming/xpacks/@xpack-dev-tools/arm-none-eabi-gcc/10.2.1-1.1.2/.content/bin/../lib/gcc/arm-none-eabi/10.2.1/../../../../arm-none-eabi/lib/thumb/v7e-m/nofp\libg_nano.a(lib_a-impure.o)
                0x0000000020000010                _impure_ptr
 .data.impure_data
                0x0000000020000014       0x60 c:/users/lily/appdata/roaming/xpacks/@xpack-dev-tools/arm-none-eabi-gcc/10.2.1-1.1.2/.content/bin/../lib/gcc/arm-none-eabi/10.2.1/../../../../arm-none-eabi/lib/thumb/v7e-m/nofp\libg_nano.a(lib_a-impure.o)
 *(.data_end .data_end.*)
 .data_end      0x0000000020000074        0x4 ./system/src/newlib/_startup.o
                0x0000000020000078                . = ALIGN (0x4)
                0x0000000020000078                _edata = .
                0x0000000020000078                __data_end__ = .

.igot.plt       0x0000000020000078        0x0 load address 0x00000000080021dc
 .igot.plt      0x0000000020000078        0x0 ./system/src/stm32f4-hal/stm32f4xx_hal.o

.bss_CCMRAM     0x0000000010000000        0x0
 *(.bss.CCMRAM .bss.CCMRAM.*)

.bss            0x0000000020000078       0xa8
                0x0000000020000078                __bss_start__ = .
                0x0000000020000078                _sbss = .
 *(.bss_begin .bss_begin.*)
 .bss_begin     0x0000000020000078        0x4 ./system/src/newlib/_startup.o
 *(.bss .bss.*)
 .bss.uwTick    0x000000002000007c        0x4 ./system/src/stm32f4-hal/stm32f4xx_hal.o
                0x000000002000007c                uwTick
 .bss.current_heap_end.0
                0x0000000020000080        0x4 ./system/src/newlib/_sbrk.o
 .bss.errno     0x0000000020000084        0x4 ./system/src/newlib/_syscalls.o
                0x0000000020000084                errno
 .bss.name.0    0x0000000020000088        0x1 ./system/src/newlib/_syscalls.o
 *fill*         0x0000000020000089        0x3 
 .bss.buf.0     0x000000002000008c       0x80 ./system/src/diag/Trace.o
 .bss.handle.0  0x000000002000010c        0x4 ./system/src/diag/trace_impl.o
 .bss.__malloc_free_list
                0x0000000020000110        0x4 c:/users/lily/appdata/roaming/xpacks/@xpack-dev-tools/arm-none-eabi-gcc/10.2.1-1.1.2/.content/bin/../lib/gcc/arm-none-eabi/10.2.1/../../../../arm-none-eabi/lib/thumb/v7e-m/nofp\libg_nano.a(lib_a-nano-mallocr.o)
                0x0000000020000110                __malloc_free_list
 .bss.__malloc_sbrk_start
                0x0000000020000114        0x4 c:/users/lily/appdata/roaming/xpacks/@xpack-dev-tools/arm-none-eabi-gcc/10.2.1-1.1.2/.content/bin/../lib/gcc/arm-none-eabi/10.2.1/../../../../arm-none-eabi/lib/thumb/v7e-m/nofp\libg_nano.a(lib_a-nano-mallocr.o)
                0x0000000020000114                __malloc_sbrk_start
 .bss.__lock___malloc_recursive_mutex
                0x0000000020000118        0x1 c:/users/lily/appdata/roaming/xpacks/@xpack-dev-tools/arm-none-eabi-gcc/10.2.1-1.1.2/.content/bin/../lib/gcc/arm-none-eabi/10.2.1/../../../../arm-none-eabi/lib/thumb/v7e-m/nofp\libg_nano.a(lib_a-lock.o)
                0x0000000020000118                __lock___malloc_recursive_mutex
 *(COMMON)
 *(.bss_end .bss_end.*)
 *fill*         0x0000000020000119        0x3 
 .bss_end       0x000000002000011c        0x4 ./system/src/newlib/_startup.o
                0x0000000020000120                . = ALIGN (0x4)
                0x0000000020000120                __bss_end__ = .
                0x0000000020000120                _ebss = .

.noinit_CCMRAM
 *(.noinit.CCMRAM .noinit.CCMRAM.*)

.noinit         0x0000000020000120        0x0
                0x0000000020000120                _noinit = .
 *(.noinit .noinit.*)
                0x0000000020000120                . = ALIGN (0x4)
                0x0000000020000120                _end_noinit = .
                [!provide]                        PROVIDE (end = _end_noinit)
                [!provide]                        PROVIDE (_end = _end_noinit)
                [!provide]                        PROVIDE (__end = _end_noinit)
                [!provide]                        PROVIDE (__end__ = _end_noinit)

._check_stack   0x0000000020000120      0x100
                0x0000000020000220                . = (. + _Minimum_Stack_Size)
 *fill*         0x0000000020000120      0x100 

.b1text
 *(.b1text)
 *(.b1rodata)
 *(.b1rodata.*)

.eb0text
 *(.eb0text)
 *(.eb0rodata)
 *(.eb0rodata.*)

.eb1text
 *(.eb1text)
 *(.eb1rodata)
 *(.eb1rodata.*)

.eb2text
 *(.eb2text)
 *(.eb2rodata)
 *(.eb2rodata.*)

.eb3text
 *(.eb3text)
 *(.eb3rodata)
 *(.eb3rodata.*)

.stab
 *(.stab)

.stabstr
 *(.stabstr)

.stab.excl
 *(.stab.excl)

.stab.exclstr
 *(.stab.exclstr)

.stab.index
 *(.stab.index)

.stab.indexstr
 *(.stab.indexstr)

.comment        0x0000000000000000       0x44
 *(.comment)
 .comment       0x0000000000000000       0x44 ./system/src/stm32f4-hal/stm32f4xx_hal.o
                                         0x45 (size before relaxing)
 .comment       0x0000000000000044       0x45 ./system/src/stm32f4-hal/stm32f4xx_hal_cortex.o
 .comment       0x0000000000000044       0x45 ./system/src/stm32f4-hal/stm32f4xx_hal_gpio.o
 .comment       0x0000000000000044       0x45 ./system/src/stm32f4-hal/stm32f4xx_hal_rcc.o
 .comment       0x0000000000000044       0x45 ./system/src/newlib/_exit.o
 .comment       0x0000000000000044       0x45 ./system/src/newlib/_sbrk.o
 .comment       0x0000000000000044       0x45 ./system/src/newlib/_startup.o
 .comment       0x0000000000000044       0x45 ./system/src/newlib/_syscalls.o
 .comment       0x0000000000000044       0x45 ./system/src/newlib/assert.o
 .comment       0x0000000000000044       0x45 ./system/src/diag/Trace.o
 .comment       0x0000000000000044       0x45 ./system/src/diag/trace_impl.o
 .comment       0x0000000000000044       0x45 ./system/src/cortexm/_initialize_hardware.o
 .comment       0x0000000000000044       0x45 ./system/src/cortexm/exception_handlers.o
 .comment       0x0000000000000044       0x45 ./system/src/cmsis/system_stm32f4xx.o
 .comment       0x0000000000000044       0x45 ./system/src/cmsis/vectors_stm32f407xx.o
 .comment       0x0000000000000044       0x45 ./src/_initialize_hardware.o
 .comment       0x0000000000000044       0x45 ./src/main.o
 .comment       0x0000000000000044       0x45 ./src/stm32f4xx_hal_msp.o

.ARM.attributes
                0x0000000000000000       0x2c
 .ARM.attributes
                0x0000000000000000       0x2e ./system/src/stm32f4-hal/stm32f4xx_hal.o
 .ARM.attributes
                0x000000000000002e       0x2e ./system/src/stm32f4-hal/stm32f4xx_hal_cortex.o
 .ARM.attributes
                0x000000000000005c       0x2e ./system/src/stm32f4-hal/stm32f4xx_hal_gpio.o
 .ARM.attributes
                0x000000000000008a       0x2e ./system/src/stm32f4-hal/stm32f4xx_hal_rcc.o
 .ARM.attributes
                0x00000000000000b8       0x2e ./system/src/newlib/_exit.o
 .ARM.attributes
                0x00000000000000e6       0x2e ./system/src/newlib/_sbrk.o
 .ARM.attributes
                0x0000000000000114       0x2e ./system/src/newlib/_startup.o
 .ARM.attributes
                0x0000000000000142       0x2e ./system/src/newlib/_syscalls.o
 .ARM.attributes
                0x0000000000000170       0x2e ./system/src/newlib/assert.o
 .ARM.attributes
                0x000000000000019e       0x2e ./system/src/diag/Trace.o
 .ARM.attributes
                0x00000000000001cc       0x2e ./system/src/diag/trace_impl.o
 .ARM.attributes
                0x00000000000001fa       0x2e ./system/src/cortexm/_initialize_hardware.o
 .ARM.attributes
                0x0000000000000228       0x2e ./system/src/cortexm/exception_handlers.o
 .ARM.attributes
                0x0000000000000256       0x2e ./system/src/cmsis/system_stm32f4xx.o
 .ARM.attributes
                0x0000000000000284       0x2e ./system/src/cmsis/vectors_stm32f407xx.o
 .ARM.attributes
                0x00000000000002b2       0x2e ./src/_initialize_hardware.o
 .ARM.attributes
                0x00000000000002e0       0x2e ./src/main.o
 .ARM.attributes
                0x000000000000030e       0x2e ./src/stm32f4xx_hal_msp.o
 .ARM.attributes
                0x000000000000033c       0x2e c:/users/lily/appdata/roaming/xpacks/@xpack-dev-tools/arm-none-eabi-gcc/10.2.1-1.1.2/.content/bin/../lib/gcc/arm-none-eabi/10.2.1/../../../../arm-none-eabi/lib/thumb/v7e-m/nofp\libg_nano.a(lib_a-errno.o)
 .ARM.attributes
                0x000000000000036a       0x2e c:/users/lily/appdata/roaming/xpacks/@xpack-dev-tools/arm-none-eabi-gcc/10.2.1-1.1.2/.content/bin/../lib/gcc/arm-none-eabi/10.2.1/../../../../arm-none-eabi/lib/thumb/v7e-m/nofp\libg_nano.a(lib_a-impure.o)
 .ARM.attributes
                0x0000000000000398       0x1c c:/users/lily/appdata/roaming/xpacks/@xpack-dev-tools/arm-none-eabi-gcc/10.2.1-1.1.2/.content/bin/../lib/gcc/arm-none-eabi/10.2.1/../../../../arm-none-eabi/lib/thumb/v7e-m/nofp\libg_nano.a(lib_a-strcmp.o)
 .ARM.attributes
                0x00000000000003b4       0x17 c:/users/lily/appdata/roaming/xpacks/@xpack-dev-tools/arm-none-eabi-gcc/10.2.1-1.1.2/.content/bin/../lib/gcc/arm-none-eabi/10.2.1/../../../../arm-none-eabi/lib/thumb/v7e-m/nofp\libg_nano.a(lib_a-strlen.o)
 .ARM.attributes
                0x00000000000003cb       0x2e c:/users/lily/appdata/roaming/xpacks/@xpack-dev-tools/arm-none-eabi-gcc/10.2.1-1.1.2/.content/bin/../lib/gcc/arm-none-eabi/10.2.1/../../../../arm-none-eabi/lib/thumb/v7e-m/nofp\libg_nano.a(lib_a-vsnprintf.o)
 .ARM.attributes
                0x00000000000003f9       0x2e c:/users/lily/appdata/roaming/xpacks/@xpack-dev-tools/arm-none-eabi-gcc/10.2.1-1.1.2/.content/bin/../lib/gcc/arm-none-eabi/10.2.1/../../../../arm-none-eabi/lib/thumb/v7e-m/nofp\libg_nano.a(lib_a-nano-svfprintf.o)
 .ARM.attributes
                0x0000000000000427       0x2e c:/users/lily/appdata/roaming/xpacks/@xpack-dev-tools/arm-none-eabi-gcc/10.2.1-1.1.2/.content/bin/../lib/gcc/arm-none-eabi/10.2.1/../../../../arm-none-eabi/lib/thumb/v7e-m/nofp\libg_nano.a(lib_a-nano-vfprintf_i.o)
 .ARM.attributes
                0x0000000000000455       0x1c c:/users/lily/appdata/roaming/xpacks/@xpack-dev-tools/arm-none-eabi-gcc/10.2.1-1.1.2/.content/bin/../lib/gcc/arm-none-eabi/10.2.1/../../../../arm-none-eabi/lib/thumb/v7e-m/nofp\libg_nano.a(lib_a-memchr.o)
 .ARM.attributes
                0x0000000000000471       0x2e c:/users/lily/appdata/roaming/xpacks/@xpack-dev-tools/arm-none-eabi-gcc/10.2.1-1.1.2/.content/bin/../lib/gcc/arm-none-eabi/10.2.1/../../../../arm-none-eabi/lib/thumb/v7e-m/nofp\libg_nano.a(lib_a-memcpy-stub.o)
 .ARM.attributes
                0x000000000000049f       0x2e c:/users/lily/appdata/roaming/xpacks/@xpack-dev-tools/arm-none-eabi-gcc/10.2.1-1.1.2/.content/bin/../lib/gcc/arm-none-eabi/10.2.1/../../../../arm-none-eabi/lib/thumb/v7e-m/nofp\libg_nano.a(lib_a-memmove.o)
 .ARM.attributes
                0x00000000000004cd       0x2e c:/users/lily/appdata/roaming/xpacks/@xpack-dev-tools/arm-none-eabi-gcc/10.2.1-1.1.2/.content/bin/../lib/gcc/arm-none-eabi/10.2.1/../../../../arm-none-eabi/lib/thumb/v7e-m/nofp\libg_nano.a(lib_a-nano-freer.o)
 .ARM.attributes
                0x00000000000004fb       0x2e c:/users/lily/appdata/roaming/xpacks/@xpack-dev-tools/arm-none-eabi-gcc/10.2.1-1.1.2/.content/bin/../lib/gcc/arm-none-eabi/10.2.1/../../../../arm-none-eabi/lib/thumb/v7e-m/nofp\libg_nano.a(lib_a-nano-mallocr.o)
 .ARM.attributes
                0x0000000000000529       0x2e c:/users/lily/appdata/roaming/xpacks/@xpack-dev-tools/arm-none-eabi-gcc/10.2.1-1.1.2/.content/bin/../lib/gcc/arm-none-eabi/10.2.1/../../../../arm-none-eabi/lib/thumb/v7e-m/nofp\libg_nano.a(lib_a-nano-reallocr.o)
 .ARM.attributes
                0x0000000000000557       0x2e c:/users/lily/appdata/roaming/xpacks/@xpack-dev-tools/arm-none-eabi-gcc/10.2.1-1.1.2/.content/bin/../lib/gcc/arm-none-eabi/10.2.1/../../../../arm-none-eabi/lib/thumb/v7e-m/nofp\libg_nano.a(lib_a-sbrkr.o)
 .ARM.attributes
                0x0000000000000585       0x2e c:/users/lily/appdata/roaming/xpacks/@xpack-dev-tools/arm-none-eabi-gcc/10.2.1-1.1.2/.content/bin/../lib/gcc/arm-none-eabi/10.2.1/../../../../arm-none-eabi/lib/thumb/v7e-m/nofp\libg_nano.a(lib_a-mlock.o)
 .ARM.attributes
                0x00000000000005b3       0x2e c:/users/lily/appdata/roaming/xpacks/@xpack-dev-tools/arm-none-eabi-gcc/10.2.1-1.1.2/.content/bin/../lib/gcc/arm-none-eabi/10.2.1/../../../../arm-none-eabi/lib/thumb/v7e-m/nofp\libg_nano.a(lib_a-nano-msizer.o)
 .ARM.attributes
                0x00000000000005e1       0x2e c:/users/lily/appdata/roaming/xpacks/@xpack-dev-tools/arm-none-eabi-gcc/10.2.1-1.1.2/.content/bin/../lib/gcc/arm-none-eabi/10.2.1/../../../../arm-none-eabi/lib/thumb/v7e-m/nofp\libg_nano.a(lib_a-lock.o)

.debug
 *(.debug)

.line
 *(.line)

.debug_srcinfo
 *(.debug_srcinfo)

.debug_sfnames
 *(.debug_sfnames)

.debug_aranges  0x0000000000000000      0x5b0
 *(.debug_aranges)
 .debug_aranges
                0x0000000000000000       0xc0 ./system/src/stm32f4-hal/stm32f4xx_hal.o
 .debug_aranges
                0x00000000000000c0       0x98 ./system/src/stm32f4-hal/stm32f4xx_hal_cortex.o
 .debug_aranges
                0x0000000000000158       0x58 ./system/src/stm32f4-hal/stm32f4xx_hal_gpio.o
 .debug_aranges
                0x00000000000001b0       0x88 ./system/src/stm32f4-hal/stm32f4xx_hal_rcc.o
 .debug_aranges
                0x0000000000000238       0x28 ./system/src/newlib/_exit.o
 .debug_aranges
                0x0000000000000260       0x20 ./system/src/newlib/_sbrk.o
 .debug_aranges
                0x0000000000000280       0x40 ./system/src/newlib/_startup.o
 .debug_aranges
                0x00000000000002c0       0xd0 ./system/src/newlib/_syscalls.o
 .debug_aranges
                0x0000000000000390       0x28 ./system/src/newlib/assert.o
 .debug_aranges
                0x00000000000003b8       0x38 ./system/src/diag/Trace.o
 .debug_aranges
                0x00000000000003f0       0x30 ./system/src/diag/trace_impl.o
 .debug_aranges
                0x0000000000000420       0x28 ./system/src/cortexm/_initialize_hardware.o
 .debug_aranges
                0x0000000000000448       0x90 ./system/src/cortexm/exception_handlers.o
 .debug_aranges
                0x00000000000004d8       0x28 ./system/src/cmsis/system_stm32f4xx.o
 .debug_aranges
                0x0000000000000500       0x20 ./system/src/cmsis/vectors_stm32f407xx.o
 .debug_aranges
                0x0000000000000520       0x28 ./src/_initialize_hardware.o
 .debug_aranges
                0x0000000000000548       0x30 ./src/main.o
 .debug_aranges
                0x0000000000000578       0x38 ./src/stm32f4xx_hal_msp.o

.debug_pubnames
 *(.debug_pubnames)

.debug_info     0x0000000000000000     0x6ddf
 *(.debug_info .gnu.linkonce.wi.*)
 .debug_info    0x0000000000000000      0x93b ./system/src/stm32f4-hal/stm32f4xx_hal.o
 .debug_info    0x000000000000093b     0x12a8 ./system/src/stm32f4-hal/stm32f4xx_hal_cortex.o
 .debug_info    0x0000000000001be3      0x938 ./system/src/stm32f4-hal/stm32f4xx_hal_gpio.o
 .debug_info    0x000000000000251b     0x1080 ./system/src/stm32f4-hal/stm32f4xx_hal_rcc.o
 .debug_info    0x000000000000359b       0xf2 ./system/src/newlib/_exit.o
 .debug_info    0x000000000000368d      0x112 ./system/src/newlib/_sbrk.o
 .debug_info    0x000000000000379f      0x57f ./system/src/newlib/_startup.o
 .debug_info    0x0000000000003d1e      0xaaa ./system/src/newlib/_syscalls.o
 .debug_info    0x00000000000047c8      0x1d9 ./system/src/newlib/assert.o
 .debug_info    0x00000000000049a1      0x30b ./system/src/diag/Trace.o
 .debug_info    0x0000000000004cac      0x30d ./system/src/diag/trace_impl.o
 .debug_info    0x0000000000004fb9      0x2d2 ./system/src/cortexm/_initialize_hardware.o
 .debug_info    0x000000000000528b      0x9f5 ./system/src/cortexm/exception_handlers.o
 .debug_info    0x0000000000005c80      0x50c ./system/src/cmsis/system_stm32f4xx.o
 .debug_info    0x000000000000618c       0xce ./system/src/cmsis/vectors_stm32f407xx.o
 .debug_info    0x000000000000625a      0x529 ./src/_initialize_hardware.o
 .debug_info    0x0000000000006783      0x596 ./src/main.o
 .debug_info    0x0000000000006d19       0xc6 ./src/stm32f4xx_hal_msp.o

.debug_abbrev   0x0000000000000000     0x1c5c
 *(.debug_abbrev)
 .debug_abbrev  0x0000000000000000      0x25a ./system/src/stm32f4-hal/stm32f4xx_hal.o
 .debug_abbrev  0x000000000000025a      0x376 ./system/src/stm32f4-hal/stm32f4xx_hal_cortex.o
 .debug_abbrev  0x00000000000005d0      0x22e ./system/src/stm32f4-hal/stm32f4xx_hal_gpio.o
 .debug_abbrev  0x00000000000007fe      0x314 ./system/src/stm32f4-hal/stm32f4xx_hal_rcc.o
 .debug_abbrev  0x0000000000000b12       0x97 ./system/src/newlib/_exit.o
 .debug_abbrev  0x0000000000000ba9       0xcd ./system/src/newlib/_sbrk.o
 .debug_abbrev  0x0000000000000c76      0x1fa ./system/src/newlib/_startup.o
 .debug_abbrev  0x0000000000000e70      0x1a2 ./system/src/newlib/_syscalls.o
 .debug_abbrev  0x0000000000001012       0xb6 ./system/src/newlib/assert.o
 .debug_abbrev  0x00000000000010c8      0x173 ./system/src/diag/Trace.o
 .debug_abbrev  0x000000000000123b      0x1cc ./system/src/diag/trace_impl.o
 .debug_abbrev  0x0000000000001407       0xe9 ./system/src/cortexm/_initialize_hardware.o
 .debug_abbrev  0x00000000000014f0      0x267 ./system/src/cortexm/exception_handlers.o
 .debug_abbrev  0x0000000000001757      0x12f ./system/src/cmsis/system_stm32f4xx.o
 .debug_abbrev  0x0000000000001886       0xa5 ./system/src/cmsis/vectors_stm32f407xx.o
 .debug_abbrev  0x000000000000192b      0x153 ./src/_initialize_hardware.o
 .debug_abbrev  0x0000000000001a7e      0x197 ./src/main.o
 .debug_abbrev  0x0000000000001c15       0x47 ./src/stm32f4xx_hal_msp.o

.debug_line     0x0000000000000000     0xbdcc
 *(.debug_line)
 .debug_line    0x0000000000000000      0xd82 ./system/src/stm32f4-hal/stm32f4xx_hal.o
 .debug_line    0x0000000000000d82     0x10b0 ./system/src/stm32f4-hal/stm32f4xx_hal_cortex.o
 .debug_line    0x0000000000001e32     0x1168 ./system/src/stm32f4-hal/stm32f4xx_hal_gpio.o
 .debug_line    0x0000000000002f9a     0x1669 ./system/src/stm32f4-hal/stm32f4xx_hal_rcc.o
 .debug_line    0x0000000000004603      0x40a ./system/src/newlib/_exit.o
 .debug_line    0x0000000000004a0d      0x3f4 ./system/src/newlib/_sbrk.o
 .debug_line    0x0000000000004e01      0x6e9 ./system/src/newlib/_startup.o
 .debug_line    0x00000000000054ea      0x7f6 ./system/src/newlib/_syscalls.o
 .debug_line    0x0000000000005ce0      0x44f ./system/src/newlib/assert.o
 .debug_line    0x000000000000612f      0x4e6 ./system/src/diag/Trace.o
 .debug_line    0x0000000000006615      0xc3b ./system/src/diag/trace_impl.o
 .debug_line    0x0000000000007250      0xb2f ./system/src/cortexm/_initialize_hardware.o
 .debug_line    0x0000000000007d7f      0xee7 ./system/src/cortexm/exception_handlers.o
 .debug_line    0x0000000000008c66      0xbf0 ./system/src/cmsis/system_stm32f4xx.o
 .debug_line    0x0000000000009856      0x2f5 ./system/src/cmsis/vectors_stm32f407xx.o
 .debug_line    0x0000000000009b4b      0xb90 ./src/_initialize_hardware.o
 .debug_line    0x000000000000a6db      0xbd1 ./src/main.o
 .debug_line    0x000000000000b2ac      0xb20 ./src/stm32f4xx_hal_msp.o

.debug_frame    0x0000000000000000     0x1008
 *(.debug_frame)
 .debug_frame   0x0000000000000000      0x188 ./system/src/stm32f4-hal/stm32f4xx_hal.o
 .debug_frame   0x0000000000000188      0x17c ./system/src/stm32f4-hal/stm32f4xx_hal_cortex.o
 .debug_frame   0x0000000000000304       0xfc ./system/src/stm32f4-hal/stm32f4xx_hal_gpio.o
 .debug_frame   0x0000000000000400      0x13c ./system/src/stm32f4-hal/stm32f4xx_hal_rcc.o
 .debug_frame   0x000000000000053c       0x38 ./system/src/newlib/_exit.o
 .debug_frame   0x0000000000000574       0x28 ./system/src/newlib/_sbrk.o
 .debug_frame   0x000000000000059c       0x7c ./system/src/newlib/_startup.o
 .debug_frame   0x0000000000000618      0x230 ./system/src/newlib/_syscalls.o
 .debug_frame   0x0000000000000848       0x40 ./system/src/newlib/assert.o
 .debug_frame   0x0000000000000888       0x94 ./system/src/diag/Trace.o
 .debug_frame   0x000000000000091c       0x60 ./system/src/diag/trace_impl.o
 .debug_frame   0x000000000000097c       0x40 ./system/src/cortexm/_initialize_hardware.o
 .debug_frame   0x00000000000009bc      0x164 ./system/src/cortexm/exception_handlers.o
 .debug_frame   0x0000000000000b20       0x30 ./system/src/cmsis/system_stm32f4xx.o
 .debug_frame   0x0000000000000b50       0x20 ./system/src/cmsis/vectors_stm32f407xx.o
 .debug_frame   0x0000000000000b70       0x48 ./src/_initialize_hardware.o
 .debug_frame   0x0000000000000bb8       0x64 ./src/main.o
 .debug_frame   0x0000000000000c1c       0x50 ./src/stm32f4xx_hal_msp.o
 .debug_frame   0x0000000000000c6c       0x20 c:/users/lily/appdata/roaming/xpacks/@xpack-dev-tools/arm-none-eabi-gcc/10.2.1-1.1.2/.content/bin/../lib/gcc/arm-none-eabi/10.2.1/../../../../arm-none-eabi/lib/thumb/v7e-m/nofp\libg_nano.a(lib_a-errno.o)
 .debug_frame   0x0000000000000c8c       0x20 c:/users/lily/appdata/roaming/xpacks/@xpack-dev-tools/arm-none-eabi-gcc/10.2.1-1.1.2/.content/bin/../lib/gcc/arm-none-eabi/10.2.1/../../../../arm-none-eabi/lib/thumb/v7e-m/nofp\libg_nano.a(lib_a-strcmp.o)
 .debug_frame   0x0000000000000cac       0x4c c:/users/lily/appdata/roaming/xpacks/@xpack-dev-tools/arm-none-eabi-gcc/10.2.1-1.1.2/.content/bin/../lib/gcc/arm-none-eabi/10.2.1/../../../../arm-none-eabi/lib/thumb/v7e-m/nofp\libg_nano.a(lib_a-vsnprintf.o)
 .debug_frame   0x0000000000000cf8       0x90 c:/users/lily/appdata/roaming/xpacks/@xpack-dev-tools/arm-none-eabi-gcc/10.2.1-1.1.2/.content/bin/../lib/gcc/arm-none-eabi/10.2.1/../../../../arm-none-eabi/lib/thumb/v7e-m/nofp\libg_nano.a(lib_a-nano-svfprintf.o)
 .debug_frame   0x0000000000000d88       0x60 c:/users/lily/appdata/roaming/xpacks/@xpack-dev-tools/arm-none-eabi-gcc/10.2.1-1.1.2/.content/bin/../lib/gcc/arm-none-eabi/10.2.1/../../../../arm-none-eabi/lib/thumb/v7e-m/nofp\libg_nano.a(lib_a-nano-vfprintf_i.o)
 .debug_frame   0x0000000000000de8       0x28 c:/users/lily/appdata/roaming/xpacks/@xpack-dev-tools/arm-none-eabi-gcc/10.2.1-1.1.2/.content/bin/../lib/gcc/arm-none-eabi/10.2.1/../../../../arm-none-eabi/lib/thumb/v7e-m/nofp\libg_nano.a(lib_a-memcpy-stub.o)
 .debug_frame   0x0000000000000e10       0x28 c:/users/lily/appdata/roaming/xpacks/@xpack-dev-tools/arm-none-eabi-gcc/10.2.1-1.1.2/.content/bin/../lib/gcc/arm-none-eabi/10.2.1/../../../../arm-none-eabi/lib/thumb/v7e-m/nofp\libg_nano.a(lib_a-memmove.o)
 .debug_frame   0x0000000000000e38       0x38 c:/users/lily/appdata/roaming/xpacks/@xpack-dev-tools/arm-none-eabi-gcc/10.2.1-1.1.2/.content/bin/../lib/gcc/arm-none-eabi/10.2.1/../../../../arm-none-eabi/lib/thumb/v7e-m/nofp\libg_nano.a(lib_a-nano-freer.o)
 .debug_frame   0x0000000000000e70       0x30 c:/users/lily/appdata/roaming/xpacks/@xpack-dev-tools/arm-none-eabi-gcc/10.2.1-1.1.2/.content/bin/../lib/gcc/arm-none-eabi/10.2.1/../../../../arm-none-eabi/lib/thumb/v7e-m/nofp\libg_nano.a(lib_a-nano-mallocr.o)
 .debug_frame   0x0000000000000ea0       0x3c c:/users/lily/appdata/roaming/xpacks/@xpack-dev-tools/arm-none-eabi-gcc/10.2.1-1.1.2/.content/bin/../lib/gcc/arm-none-eabi/10.2.1/../../../../arm-none-eabi/lib/thumb/v7e-m/nofp\libg_nano.a(lib_a-nano-reallocr.o)
 .debug_frame   0x0000000000000edc       0x2c c:/users/lily/appdata/roaming/xpacks/@xpack-dev-tools/arm-none-eabi-gcc/10.2.1-1.1.2/.content/bin/../lib/gcc/arm-none-eabi/10.2.1/../../../../arm-none-eabi/lib/thumb/v7e-m/nofp\libg_nano.a(lib_a-sbrkr.o)
 .debug_frame   0x0000000000000f08       0x30 c:/users/lily/appdata/roaming/xpacks/@xpack-dev-tools/arm-none-eabi-gcc/10.2.1-1.1.2/.content/bin/../lib/gcc/arm-none-eabi/10.2.1/../../../../arm-none-eabi/lib/thumb/v7e-m/nofp\libg_nano.a(lib_a-mlock.o)
 .debug_frame   0x0000000000000f38       0x20 c:/users/lily/appdata/roaming/xpacks/@xpack-dev-tools/arm-none-eabi-gcc/10.2.1-1.1.2/.content/bin/../lib/gcc/arm-none-eabi/10.2.1/../../../../arm-none-eabi/lib/thumb/v7e-m/nofp\libg_nano.a(lib_a-nano-msizer.o)
 .debug_frame   0x0000000000000f58       0xb0 c:/users/lily/appdata/roaming/xpacks/@xpack-dev-tools/arm-none-eabi-gcc/10.2.1-1.1.2/.content/bin/../lib/gcc/arm-none-eabi/10.2.1/../../../../arm-none-eabi/lib/thumb/v7e-m/nofp\libg_nano.a(lib_a-lock.o)

.debug_str      0x0000000000000000    0x9b7da
 *(.debug_str)
 .debug_str     0x0000000000000000    0x9752f ./system/src/stm32f4-hal/stm32f4xx_hal.o
                                      0x978a2 (size before relaxing)
 .debug_str     0x000000000009752f      0x3a4 ./system/src/stm32f4-hal/stm32f4xx_hal_cortex.o
                                      0x97735 (size before relaxing)
 .debug_str     0x00000000000978d3      0x2dd ./system/src/stm32f4-hal/stm32f4xx_hal_gpio.o
                                      0x97134 (size before relaxing)
 .debug_str     0x0000000000097bb0      0x393 ./system/src/stm32f4-hal/stm32f4xx_hal_rcc.o
                                      0x972d2 (size before relaxing)
 .debug_str     0x0000000000097f43     0x10cf ./system/src/newlib/_exit.o
                                       0x772a (size before relaxing)
 .debug_str     0x0000000000099012      0x4de ./system/src/newlib/_sbrk.o
                                       0x6b0b (size before relaxing)
 .debug_str     0x00000000000994f0      0x2cc ./system/src/newlib/_startup.o
                                       0x6335 (size before relaxing)
 .debug_str     0x00000000000997bc     0x171c ./system/src/newlib/_syscalls.o
                                       0x830e (size before relaxing)
 .debug_str     0x000000000009aed8       0xd0 ./system/src/newlib/assert.o
                                       0x81f7 (size before relaxing)
 .debug_str     0x000000000009afa8      0x176 ./system/src/diag/Trace.o
                                       0x7eb0 (size before relaxing)
 .debug_str     0x000000000009b11e      0x358 ./system/src/diag/trace_impl.o
                                      0x97fdf (size before relaxing)
 .debug_str     0x000000000009b476       0x5e ./system/src/cortexm/_initialize_hardware.o
                                      0x96dd8 (size before relaxing)
 .debug_str     0x000000000009b4d4      0x1dc ./system/src/cortexm/exception_handlers.o
                                      0x981f1 (size before relaxing)
 .debug_str     0x000000000009b6b0       0x46 ./system/src/cmsis/system_stm32f4xx.o
                                      0x96eb7 (size before relaxing)
 .debug_str     0x000000000009b6f6       0x59 ./system/src/cmsis/vectors_stm32f407xx.o
                                       0x3caf (size before relaxing)
 .debug_str     0x000000000009b74f       0x31 ./src/_initialize_hardware.o
                                      0x96fbd (size before relaxing)
 .debug_str     0x000000000009b780       0x1d ./src/main.o
                                      0x97f94 (size before relaxing)
 .debug_str     0x000000000009b79d       0x3d ./src/stm32f4xx_hal_msp.o
                                      0x96d02 (size before relaxing)

.debug_loc      0x0000000000000000     0x2d45
 *(.debug_loc)
 .debug_loc     0x0000000000000000       0xdb ./system/src/stm32f4-hal/stm32f4xx_hal.o
 .debug_loc     0x00000000000000db      0x8ef ./system/src/stm32f4-hal/stm32f4xx_hal_cortex.o
 .debug_loc     0x00000000000009ca      0x6ab ./system/src/stm32f4-hal/stm32f4xx_hal_gpio.o
 .debug_loc     0x0000000000001075      0x7a1 ./system/src/stm32f4-hal/stm32f4xx_hal_rcc.o
 .debug_loc     0x0000000000001816       0x15 ./system/src/newlib/_exit.o
 .debug_loc     0x000000000000182b       0x97 ./system/src/newlib/_sbrk.o
 .debug_loc     0x00000000000018c2      0x49b ./system/src/newlib/_startup.o
 .debug_loc     0x0000000000001d5d      0x5ed ./system/src/newlib/_syscalls.o
 .debug_loc     0x000000000000234a      0x17d ./system/src/newlib/assert.o
 .debug_loc     0x00000000000024c7      0x118 ./system/src/diag/Trace.o
 .debug_loc     0x00000000000025df      0x1a1 ./system/src/diag/trace_impl.o
 .debug_loc     0x0000000000002780      0x423 ./system/src/cortexm/exception_handlers.o
 .debug_loc     0x0000000000002ba3      0x158 ./system/src/cmsis/system_stm32f4xx.o
 .debug_loc     0x0000000000002cfb       0x4a ./src/main.o

.debug_macinfo
 *(.debug_macinfo)

.debug_weaknames
 *(.debug_weaknames)

.debug_funcnames
 *(.debug_funcnames)

.debug_typenames
 *(.debug_typenames)

.debug_varnames
 *(.debug_varnames)
OUTPUT(Ejercicio2.elf elf32-littlearm)
LOAD linker stubs

.debug_ranges   0x0000000000000000      0x538
 .debug_ranges  0x0000000000000000       0xb0 ./system/src/stm32f4-hal/stm32f4xx_hal.o
 .debug_ranges  0x00000000000000b0       0xe8 ./system/src/stm32f4-hal/stm32f4xx_hal_cortex.o
 .debug_ranges  0x0000000000000198       0x48 ./system/src/stm32f4-hal/stm32f4xx_hal_gpio.o
 .debug_ranges  0x00000000000001e0       0x78 ./system/src/stm32f4-hal/stm32f4xx_hal_rcc.o
 .debug_ranges  0x0000000000000258       0x18 ./system/src/newlib/_exit.o
 .debug_ranges  0x0000000000000270       0x10 ./system/src/newlib/_sbrk.o
 .debug_ranges  0x0000000000000280       0x78 ./system/src/newlib/_startup.o
 .debug_ranges  0x00000000000002f8       0xc0 ./system/src/newlib/_syscalls.o
 .debug_ranges  0x00000000000003b8       0x18 ./system/src/newlib/assert.o
 .debug_ranges  0x00000000000003d0       0x28 ./system/src/diag/Trace.o
 .debug_ranges  0x00000000000003f8       0x20 ./system/src/diag/trace_impl.o
 .debug_ranges  0x0000000000000418       0x18 ./system/src/cortexm/_initialize_hardware.o
 .debug_ranges  0x0000000000000430       0x80 ./system/src/cortexm/exception_handlers.o
 .debug_ranges  0x00000000000004b0       0x18 ./system/src/cmsis/system_stm32f4xx.o
 .debug_ranges  0x00000000000004c8       0x10 ./system/src/cmsis/vectors_stm32f407xx.o
 .debug_ranges  0x00000000000004d8       0x18 ./src/_initialize_hardware.o
 .debug_ranges  0x00000000000004f0       0x20 ./src/main.o
 .debug_ranges  0x0000000000000510       0x28 ./src/stm32f4xx_hal_msp.o

.debug_macro    0x0000000000000000    0x1c0a7
 .debug_macro   0x0000000000000000      0x567 ./system/src/stm32f4-hal/stm32f4xx_hal.o
 .debug_macro   0x0000000000000567      0xa7e ./system/src/stm32f4-hal/stm32f4xx_hal.o
 .debug_macro   0x0000000000000fe5      0x289 ./system/src/stm32f4-hal/stm32f4xx_hal.o
 .debug_macro   0x000000000000126e       0x31 ./system/src/stm32f4-hal/stm32f4xx_hal.o
 .debug_macro   0x000000000000129f       0x28 ./system/src/stm32f4-hal/stm32f4xx_hal.o
 .debug_macro   0x00000000000012c7       0x22 ./system/src/stm32f4-hal/stm32f4xx_hal.o
 .debug_macro   0x00000000000012e9       0x8e ./system/src/stm32f4-hal/stm32f4xx_hal.o
 .debug_macro   0x0000000000001377       0x51 ./system/src/stm32f4-hal/stm32f4xx_hal.o
 .debug_macro   0x00000000000013c8      0x103 ./system/src/stm32f4-hal/stm32f4xx_hal.o
 .debug_macro   0x00000000000014cb       0x6a ./system/src/stm32f4-hal/stm32f4xx_hal.o
 .debug_macro   0x0000000000001535      0x1df ./system/src/stm32f4-hal/stm32f4xx_hal.o
 .debug_macro   0x0000000000001714       0x35 ./system/src/stm32f4-hal/stm32f4xx_hal.o
 .debug_macro   0x0000000000001749       0x50 ./system/src/stm32f4-hal/stm32f4xx_hal.o
 .debug_macro   0x0000000000001799      0xe66 ./system/src/stm32f4-hal/stm32f4xx_hal.o
 .debug_macro   0x00000000000025ff     0x93f9 ./system/src/stm32f4-hal/stm32f4xx_hal.o
 .debug_macro   0x000000000000b9f8       0x43 ./system/src/stm32f4-hal/stm32f4xx_hal.o
 .debug_macro   0x000000000000ba3b     0x347f ./system/src/stm32f4-hal/stm32f4xx_hal.o
 .debug_macro   0x000000000000eeba       0x6a ./system/src/stm32f4-hal/stm32f4xx_hal.o
 .debug_macro   0x000000000000ef24       0x18 ./system/src/stm32f4-hal/stm32f4xx_hal.o
 .debug_macro   0x000000000000ef3c       0x35 ./system/src/stm32f4-hal/stm32f4xx_hal.o
 .debug_macro   0x000000000000ef71       0x34 ./system/src/stm32f4-hal/stm32f4xx_hal.o
 .debug_macro   0x000000000000efa5       0x16 ./system/src/stm32f4-hal/stm32f4xx_hal.o
 .debug_macro   0x000000000000efbb       0x97 ./system/src/stm32f4-hal/stm32f4xx_hal.o
 .debug_macro   0x000000000000f052      0x333 ./system/src/stm32f4-hal/stm32f4xx_hal.o
 .debug_macro   0x000000000000f385       0xfd ./system/src/stm32f4-hal/stm32f4xx_hal.o
 .debug_macro   0x000000000000f482       0x10 ./system/src/stm32f4-hal/stm32f4xx_hal.o
 .debug_macro   0x000000000000f492       0x16 ./system/src/stm32f4-hal/stm32f4xx_hal.o
 .debug_macro   0x000000000000f4a8       0x43 ./system/src/stm32f4-hal/stm32f4xx_hal.o
 .debug_macro   0x000000000000f4eb       0x34 ./system/src/stm32f4-hal/stm32f4xx_hal.o
 .debug_macro   0x000000000000f51f       0x10 ./system/src/stm32f4-hal/stm32f4xx_hal.o
 .debug_macro   0x000000000000f52f       0x58 ./system/src/stm32f4-hal/stm32f4xx_hal.o
 .debug_macro   0x000000000000f587      0x182 ./system/src/stm32f4-hal/stm32f4xx_hal.o
 .debug_macro   0x000000000000f709       0x10 ./system/src/stm32f4-hal/stm32f4xx_hal.o
 .debug_macro   0x000000000000f719       0x1c ./system/src/stm32f4-hal/stm32f4xx_hal.o
 .debug_macro   0x000000000000f735       0x52 ./system/src/stm32f4-hal/stm32f4xx_hal.o
 .debug_macro   0x000000000000f787       0x22 ./system/src/stm32f4-hal/stm32f4xx_hal.o
 .debug_macro   0x000000000000f7a9       0x10 ./system/src/stm32f4-hal/stm32f4xx_hal.o
 .debug_macro   0x000000000000f7b9       0x40 ./system/src/stm32f4-hal/stm32f4xx_hal.o
 .debug_macro   0x000000000000f7f9       0xd5 ./system/src/stm32f4-hal/stm32f4xx_hal.o
 .debug_macro   0x000000000000f8ce       0x1c ./system/src/stm32f4-hal/stm32f4xx_hal.o
 .debug_macro   0x000000000000f8ea       0x3d ./system/src/stm32f4-hal/stm32f4xx_hal.o
 .debug_macro   0x000000000000f927       0x16 ./system/src/stm32f4-hal/stm32f4xx_hal.o
 .debug_macro   0x000000000000f93d      0x16f ./system/src/stm32f4-hal/stm32f4xx_hal.o
 .debug_macro   0x000000000000faac       0x57 ./system/src/stm32f4-hal/stm32f4xx_hal.o
 .debug_macro   0x000000000000fb03      0x964 ./system/src/stm32f4-hal/stm32f4xx_hal.o
 .debug_macro   0x0000000000010467      0x9e1 ./system/src/stm32f4-hal/stm32f4xx_hal.o
 .debug_macro   0x0000000000010e48      0x11e ./system/src/stm32f4-hal/stm32f4xx_hal.o
 .debug_macro   0x0000000000010f66      0x13e ./system/src/stm32f4-hal/stm32f4xx_hal.o
 .debug_macro   0x00000000000110a4       0x27 ./system/src/stm32f4-hal/stm32f4xx_hal.o
 .debug_macro   0x00000000000110cb      0x287 ./system/src/stm32f4-hal/stm32f4xx_hal.o
 .debug_macro   0x0000000000011352       0x5f ./system/src/stm32f4-hal/stm32f4xx_hal.o
 .debug_macro   0x00000000000113b1      0x23a ./system/src/stm32f4-hal/stm32f4xx_hal.o
 .debug_macro   0x00000000000115eb      0x391 ./system/src/stm32f4-hal/stm32f4xx_hal.o
 .debug_macro   0x000000000001197c      0x16f ./system/src/stm32f4-hal/stm32f4xx_hal.o
 .debug_macro   0x0000000000011aeb       0xf9 ./system/src/stm32f4-hal/stm32f4xx_hal.o
 .debug_macro   0x0000000000011be4      0x36e ./system/src/stm32f4-hal/stm32f4xx_hal.o
 .debug_macro   0x0000000000011f52       0x23 ./system/src/stm32f4-hal/stm32f4xx_hal.o
 .debug_macro   0x0000000000011f75       0xe6 ./system/src/stm32f4-hal/stm32f4xx_hal.o
 .debug_macro   0x000000000001205b       0xa1 ./system/src/stm32f4-hal/stm32f4xx_hal.o
 .debug_macro   0x00000000000120fc       0x3c ./system/src/stm32f4-hal/stm32f4xx_hal.o
 .debug_macro   0x0000000000012138       0x1f ./system/src/stm32f4-hal/stm32f4xx_hal.o
 .debug_macro   0x0000000000012157      0x1cd ./system/src/stm32f4-hal/stm32f4xx_hal.o
 .debug_macro   0x0000000000012324      0xcd6 ./system/src/stm32f4-hal/stm32f4xx_hal.o
 .debug_macro   0x0000000000012ffa      0x13a ./system/src/stm32f4-hal/stm32f4xx_hal.o
 .debug_macro   0x0000000000013134      0x21e ./system/src/stm32f4-hal/stm32f4xx_hal.o
 .debug_macro   0x0000000000013352       0x2e ./system/src/stm32f4-hal/stm32f4xx_hal.o
 .debug_macro   0x0000000000013380      0x543 ./system/src/stm32f4-hal/stm32f4xx_hal.o
 .debug_macro   0x00000000000138c3       0x88 ./system/src/stm32f4-hal/stm32f4xx_hal.o
 .debug_macro   0x000000000001394b       0xd5 ./system/src/stm32f4-hal/stm32f4xx_hal.o
 .debug_macro   0x0000000000013a20      0x183 ./system/src/stm32f4-hal/stm32f4xx_hal.o
 .debug_macro   0x0000000000013ba3      0x1a7 ./system/src/stm32f4-hal/stm32f4xx_hal.o
 .debug_macro   0x0000000000013d4a       0xa5 ./system/src/stm32f4-hal/stm32f4xx_hal.o
 .debug_macro   0x0000000000013def      0x18b ./system/src/stm32f4-hal/stm32f4xx_hal.o
 .debug_macro   0x0000000000013f7a       0x24 ./system/src/stm32f4-hal/stm32f4xx_hal.o
 .debug_macro   0x0000000000013f9e       0x35 ./system/src/stm32f4-hal/stm32f4xx_hal.o
 .debug_macro   0x0000000000013fd3       0x79 ./system/src/stm32f4-hal/stm32f4xx_hal.o
 .debug_macro   0x000000000001404c      0x11e ./system/src/stm32f4-hal/stm32f4xx_hal.o
 .debug_macro   0x000000000001416a       0x7f ./system/src/stm32f4-hal/stm32f4xx_hal.o
 .debug_macro   0x00000000000141e9       0x89 ./system/src/stm32f4-hal/stm32f4xx_hal.o
 .debug_macro   0x0000000000014272       0x7e ./system/src/stm32f4-hal/stm32f4xx_hal.o
 .debug_macro   0x00000000000142f0      0x31a ./system/src/stm32f4-hal/stm32f4xx_hal.o
 .debug_macro   0x000000000001460a      0x409 ./system/src/stm32f4-hal/stm32f4xx_hal.o
 .debug_macro   0x0000000000014a13       0xe4 ./system/src/stm32f4-hal/stm32f4xx_hal.o
 .debug_macro   0x0000000000014af7      0x48d ./system/src/stm32f4-hal/stm32f4xx_hal.o
 .debug_macro   0x0000000000014f84      0x22b ./system/src/stm32f4-hal/stm32f4xx_hal.o
 .debug_macro   0x00000000000151af      0x202 ./system/src/stm32f4-hal/stm32f4xx_hal.o
 .debug_macro   0x00000000000153b1      0x6d9 ./system/src/stm32f4-hal/stm32f4xx_hal.o
 .debug_macro   0x0000000000015a8a       0x5b ./system/src/stm32f4-hal/stm32f4xx_hal.o
 .debug_macro   0x0000000000015ae5      0x14d ./system/src/stm32f4-hal/stm32f4xx_hal.o
 .debug_macro   0x0000000000015c32      0x287 ./system/src/stm32f4-hal/stm32f4xx_hal.o
 .debug_macro   0x0000000000015eb9      0x225 ./system/src/stm32f4-hal/stm32f4xx_hal.o
 .debug_macro   0x00000000000160de      0x1b5 ./system/src/stm32f4-hal/stm32f4xx_hal.o
 .debug_macro   0x0000000000016293      0x2db ./system/src/stm32f4-hal/stm32f4xx_hal.o
 .debug_macro   0x000000000001656e       0x89 ./system/src/stm32f4-hal/stm32f4xx_hal.o
 .debug_macro   0x00000000000165f7      0x1df ./system/src/stm32f4-hal/stm32f4xx_hal.o
 .debug_macro   0x00000000000167d6      0x115 ./system/src/stm32f4-hal/stm32f4xx_hal.o
 .debug_macro   0x00000000000168eb       0x6e ./system/src/stm32f4-hal/stm32f4xx_hal.o
 .debug_macro   0x0000000000016959      0x125 ./system/src/stm32f4-hal/stm32f4xx_hal.o
 .debug_macro   0x0000000000016a7e      0x519 ./system/src/stm32f4-hal/stm32f4xx_hal_cortex.o
 .debug_macro   0x0000000000016f97      0x551 ./system/src/stm32f4-hal/stm32f4xx_hal_gpio.o
 .debug_macro   0x00000000000174e8      0x543 ./system/src/stm32f4-hal/stm32f4xx_hal_rcc.o
 .debug_macro   0x0000000000017a2b      0x1ae ./system/src/newlib/_exit.o
 .debug_macro   0x0000000000017bd9      0x10e ./system/src/newlib/_exit.o
 .debug_macro   0x0000000000017ce7       0x8d ./system/src/newlib/_exit.o
 .debug_macro   0x0000000000017d74       0x35 ./system/src/newlib/_exit.o
 .debug_macro   0x0000000000017da9      0x163 ./system/src/newlib/_sbrk.o
 .debug_macro   0x0000000000017f0c      0x174 ./system/src/newlib/_sbrk.o
 .debug_macro   0x0000000000018080       0x10 ./system/src/newlib/_sbrk.o
 .debug_macro   0x0000000000018090      0x23b ./system/src/newlib/_sbrk.o
 .debug_macro   0x00000000000182cb      0x174 ./system/src/newlib/_startup.o
 .debug_macro   0x000000000001843f      0xa84 ./system/src/newlib/_startup.o
 .debug_macro   0x0000000000018ec3      0x220 ./system/src/newlib/_syscalls.o
 .debug_macro   0x00000000000190e3       0x1c ./system/src/newlib/_syscalls.o
 .debug_macro   0x00000000000190ff       0x10 ./system/src/newlib/_syscalls.o
 .debug_macro   0x000000000001910f       0x10 ./system/src/newlib/_syscalls.o
 .debug_macro   0x000000000001911f       0x10 ./system/src/newlib/_syscalls.o
 .debug_macro   0x000000000001912f       0x35 ./system/src/newlib/_syscalls.o
 .debug_macro   0x0000000000019164      0x12c ./system/src/newlib/_syscalls.o
 .debug_macro   0x0000000000019290       0xce ./system/src/newlib/_syscalls.o
 .debug_macro   0x000000000001935e       0x7c ./system/src/newlib/_syscalls.o
 .debug_macro   0x00000000000193da       0x17 ./system/src/newlib/_syscalls.o
 .debug_macro   0x00000000000193f1      0x118 ./system/src/newlib/_syscalls.o
 .debug_macro   0x0000000000019509      0x189 ./system/src/newlib/_syscalls.o
 .debug_macro   0x0000000000019692       0x16 ./system/src/newlib/_syscalls.o
 .debug_macro   0x00000000000196a8      0x1d9 ./system/src/newlib/assert.o
 .debug_macro   0x0000000000019881       0x1c ./system/src/newlib/assert.o
 .debug_macro   0x000000000001989d      0x1f5 ./system/src/diag/Trace.o
 .debug_macro   0x0000000000019a92       0x4c ./system/src/diag/Trace.o
 .debug_macro   0x0000000000019ade       0x16 ./system/src/diag/Trace.o
 .debug_macro   0x0000000000019af4      0x558 ./system/src/diag/trace_impl.o
 .debug_macro   0x000000000001a04c       0x22 ./system/src/diag/trace_impl.o
 .debug_macro   0x000000000001a06e      0x523 ./system/src/cortexm/_initialize_hardware.o
 .debug_macro   0x000000000001a591      0x5a1 ./system/src/cortexm/exception_handlers.o
 .debug_macro   0x000000000001ab32       0x3b ./system/src/cortexm/exception_handlers.o
 .debug_macro   0x000000000001ab6d      0x51f ./system/src/cmsis/system_stm32f4xx.o
 .debug_macro   0x000000000001b08c       0x73 ./system/src/cmsis/vectors_stm32f407xx.o
 .debug_macro   0x000000000001b0ff      0x519 ./src/_initialize_hardware.o
 .debug_macro   0x000000000001b618      0x576 ./src/main.o
 .debug_macro   0x000000000001bb8e      0x519 ./src/stm32f4xx_hal_msp.o
